ARM=parallel_10k REP=2 JOB_ID=70181 TASK=65 NODE=sn024
COMMIT=ee90f5c65a355b3b86226cb071c2d128345ccdc0 PLANS=6401-6500
START_TIME=2026-07-19T19:25:04-0400
[INFO] Generating plans 6401–6500 (100 plans)
[INFO] seed_offset=6401  effective_seed=6443
[INFO] Writing plan JSONs to: /tmp/fra_bench10k_parallel_kvadhawana_2/task_65
============================================================
📊 STEP 1: Baseline Ensemble Generation
============================================================

📂 Loading shapefile...
✅ Loaded 2658 precincts from shapefile.

🔧 Repairing invalid geometries...

🔨 Building GerryChain graph...
✅ Graph built successfully (2658 precincts).
   Total population: 10,679,260
   Democratic votes: 2,713,609
   Republican votes: 2,896,941
[TIMING] Graph build: 21.2s

⚙️  Setting up ReCom chain to generate 100 plans...
    seed=42  seed_offset=6401  effective_seed=6443

🎲 Creating initial partition (14 districts)...
   Ideal population per district: 762,804
   Using recursive tree partitioning...
✅ Initial partition created with 14 districts.

🚀 Generating 100 random district plans...
   (This may take 1-2 hours for 1000 plans...)

✅ Generated 100 random district plans.
   Unique plans:    100
   Duplicate plans: 0  (0.0%)
✓ All plans verified: 100/100 have correct assignments

💾 Saving results to /tmp/fra_bench10k_parallel_kvadhawana_2...
   ✓ Saved summary CSV: /tmp/fra_bench10k_parallel_kvadhawana_2/baseline_ensemble_6401_6500.csv
   ✓ Saved 100 plan assignments to /tmp/fra_bench10k_parallel_kvadhawana_2/task_65

📈 Generating histogram...
   ✓ Saved histogram: /tmp/fra_bench10k_parallel_kvadhawana_2/baseline_hist_6401_6500.png

📊 Summary Statistics:
   Mean Democratic seat share: 0.393
   Std Dev: 0.050
   Min: 0.286
   Max: 0.500

✅ Election simulation complete — results saved.
[TIMING] Generation:  7.8s  | Save: 0.4s  | Total: 29.5s
   ✓ Saved chain diagnostics: /tmp/fra_bench10k_parallel_kvadhawana_2/chain_diagnostics_6401_6500.json

============================================================
✅ VERIFICATION SUMMARY
============================================================

✓ Plans generated: 100/100 (100.0%)
✓ Plans verified: 100/100 (100.0%)

All verified plans passed the following checks:
  • All precincts assigned to districts
  • Exactly 14 districts per plan
  • Population balance within ±5% (enforced by GerryChain)
  • Contiguity maintained (enforced by GerryChain)

============================================================
✅ Step 1 complete — Baseline ensemble generated and dashboard ready.
============================================================

📂 Results saved to: /tmp/fra_bench10k_parallel_kvadhawana_2

🖥️  To launch dashboard, run:
   streamlit run scripts/baseline_dashboard.py

PLAN_COUNT=100
END_TIME=2026-07-19T19:25:36-0400
PARALLEL_10K_TASK_PASSED
