BENCHMARK_ARM=parallel
REPETITION=1
JOB_ID=69968
ARRAY_TASK_ID=4
NODE=sn056
COMMIT=c19c06ec095af774d63bb9f2904f0054f79bba77
START_PLAN=301
END_PLAN=400
START_TIME=2026-07-19T18:00:18-0400
OUTPUT_DIR=/tmp/fra_benchmark_parallel_kvadhawana_1/task_4
[INFO] Generating plans 301–400 (100 plans)
[INFO] seed_offset=301  effective_seed=343
[INFO] Writing plan JSONs to: /tmp/fra_benchmark_parallel_kvadhawana_1/task_4
============================================================
📊 STEP 1: Baseline Ensemble Generation
============================================================

📂 Loading shapefile...
✅ Loaded 2658 precincts from shapefile.

🔧 Repairing invalid geometries...

🔨 Building GerryChain graph...
✅ Graph built successfully (2658 precincts).
   Total population: 10,679,260
   Democratic votes: 2,713,609
   Republican votes: 2,896,941
[TIMING] Graph build: 21.4s

⚙️  Setting up ReCom chain to generate 100 plans...
    seed=42  seed_offset=301  effective_seed=343

🎲 Creating initial partition (14 districts)...
   Ideal population per district: 762,804
   Using recursive tree partitioning...
✅ Initial partition created with 14 districts.

🚀 Generating 100 random district plans...
   (This may take 1-2 hours for 1000 plans...)

✅ Generated 100 random district plans.
   Unique plans:    100
   Duplicate plans: 0  (0.0%)
✓ All plans verified: 100/100 have correct assignments

💾 Saving results to /tmp/fra_benchmark_parallel_kvadhawana_1...
   ✓ Saved summary CSV: /tmp/fra_benchmark_parallel_kvadhawana_1/baseline_ensemble_301_400.csv
   ✓ Saved 100 plan assignments to /tmp/fra_benchmark_parallel_kvadhawana_1/task_4

📈 Generating histogram...
   ✓ Saved histogram: /tmp/fra_benchmark_parallel_kvadhawana_1/baseline_hist_301_400.png

📊 Summary Statistics:
   Mean Democratic seat share: 0.363
   Std Dev: 0.045
   Min: 0.286
   Max: 0.500

✅ Election simulation complete — results saved.
[TIMING] Generation:  6.1s  | Save: 0.5s  | Total: 28.1s
   ✓ Saved chain diagnostics: /tmp/fra_benchmark_parallel_kvadhawana_1/chain_diagnostics_301_400.json

============================================================
✅ VERIFICATION SUMMARY
============================================================

✓ Plans generated: 100/100 (100.0%)
✓ Plans verified: 100/100 (100.0%)

All verified plans passed the following checks:
  • All precincts assigned to districts
  • Exactly 14 districts per plan
  • Population balance within ±5% (enforced by GerryChain)
  • Contiguity maintained (enforced by GerryChain)

============================================================
✅ Step 1 complete — Baseline ensemble generated and dashboard ready.
============================================================

📂 Results saved to: /tmp/fra_benchmark_parallel_kvadhawana_1

🖥️  To launch dashboard, run:
   streamlit run scripts/baseline_dashboard.py

PLAN_COUNT=100
END_TIME=2026-07-19T18:00:51-0400
PARALLEL_TASK_PASSED
