BENCHMARK_ARM=parallel
REPETITION=2
JOB_ID=69982
ARRAY_TASK_ID=6
NODE=sn059
COMMIT=c19c06ec095af774d63bb9f2904f0054f79bba77
START_PLAN=501
END_PLAN=600
START_TIME=2026-07-19T18:08:14-0400
OUTPUT_DIR=/tmp/fra_benchmark_parallel_kvadhawana_2/task_6
[INFO] Generating plans 501–600 (100 plans)
[INFO] seed_offset=501  effective_seed=543
[INFO] Writing plan JSONs to: /tmp/fra_benchmark_parallel_kvadhawana_2/task_6
============================================================
📊 STEP 1: Baseline Ensemble Generation
============================================================

📂 Loading shapefile...
✅ Loaded 2658 precincts from shapefile.

🔧 Repairing invalid geometries...

🔨 Building GerryChain graph...
✅ Graph built successfully (2658 precincts).
   Total population: 10,679,260
   Democratic votes: 2,713,609
   Republican votes: 2,896,941
[TIMING] Graph build: 21.4s

⚙️  Setting up ReCom chain to generate 100 plans...
    seed=42  seed_offset=501  effective_seed=543

🎲 Creating initial partition (14 districts)...
   Ideal population per district: 762,804
   Using recursive tree partitioning...
✅ Initial partition created with 14 districts.

🚀 Generating 100 random district plans...
   (This may take 1-2 hours for 1000 plans...)

✅ Generated 100 random district plans.
   Unique plans:    100
   Duplicate plans: 0  (0.0%)
✓ All plans verified: 100/100 have correct assignments

💾 Saving results to /tmp/fra_benchmark_parallel_kvadhawana_2...
   ✓ Saved summary CSV: /tmp/fra_benchmark_parallel_kvadhawana_2/baseline_ensemble_501_600.csv
   ✓ Saved 100 plan assignments to /tmp/fra_benchmark_parallel_kvadhawana_2/task_6

📈 Generating histogram...
   ✓ Saved histogram: /tmp/fra_benchmark_parallel_kvadhawana_2/baseline_hist_501_600.png

📊 Summary Statistics:
   Mean Democratic seat share: 0.389
   Std Dev: 0.036
   Min: 0.357
   Max: 0.429

✅ Election simulation complete — results saved.
[TIMING] Generation:  7.4s  | Save: 0.6s  | Total: 29.4s
   ✓ Saved chain diagnostics: /tmp/fra_benchmark_parallel_kvadhawana_2/chain_diagnostics_501_600.json

============================================================
✅ VERIFICATION SUMMARY
============================================================

✓ Plans generated: 100/100 (100.0%)
✓ Plans verified: 100/100 (100.0%)

All verified plans passed the following checks:
  • All precincts assigned to districts
  • Exactly 14 districts per plan
  • Population balance within ±5% (enforced by GerryChain)
  • Contiguity maintained (enforced by GerryChain)

============================================================
✅ Step 1 complete — Baseline ensemble generated and dashboard ready.
============================================================

📂 Results saved to: /tmp/fra_benchmark_parallel_kvadhawana_2

🖥️  To launch dashboard, run:
   streamlit run scripts/baseline_dashboard.py

PLAN_COUNT=100
END_TIME=2026-07-19T18:08:45-0400
PARALLEL_TASK_PASSED
