BENCHMARK_ARM=serial
REPETITION=3
JOB_ID=69975
NODE=sn007
COMMIT=c19c06ec095af774d63bb9f2904f0054f79bba77
START_TIME=2026-07-19T18:06:27-0400
OUTPUT_DIR=/tmp/fra_benchmark_serial_kvadhawana_3
[INFO] Generating plans 1–1000 (1000 plans)
[INFO] seed_offset=1  effective_seed=43
[INFO] Writing plan JSONs to: /tmp/fra_benchmark_serial_kvadhawana_3
============================================================
📊 STEP 1: Baseline Ensemble Generation
============================================================

📂 Loading shapefile...
✅ Loaded 2658 precincts from shapefile.

🔧 Repairing invalid geometries...

🔨 Building GerryChain graph...
✅ Graph built successfully (2658 precincts).
   Total population: 10,679,260
   Democratic votes: 2,713,609
   Republican votes: 2,896,941
[TIMING] Graph build: 21.9s

⚙️  Setting up ReCom chain to generate 1000 plans...
    seed=42  seed_offset=1  effective_seed=43

🎲 Creating initial partition (14 districts)...
   Ideal population per district: 762,804
   Using recursive tree partitioning...
✅ Initial partition created with 14 districts.

🚀 Generating 1000 random district plans...
   (This may take 1-2 hours for 1000 plans...)

✅ Generated 1000 random district plans.
   Unique plans:    999
   Duplicate plans: 1  (0.1%)
✓ All plans verified: 1000/1000 have correct assignments

💾 Saving results to /tmp...
   ✓ Saved summary CSV: /tmp/baseline_ensemble_1_1000.csv
   ✓ Saved 1000 plan assignments to /tmp/fra_benchmark_serial_kvadhawana_3

📈 Generating histogram...
   ✓ Saved histogram: /tmp/baseline_hist_1_1000.png

📊 Summary Statistics:
   Mean Democratic seat share: 0.373
   Std Dev: 0.058
   Min: 0.214
   Max: 0.571

✅ Election simulation complete — results saved.
[TIMING] Generation:  60.2s  | Save: 2.6s  | Total: 84.7s
   ✓ Saved chain diagnostics: /tmp/chain_diagnostics_1_1000.json

============================================================
✅ VERIFICATION SUMMARY
============================================================

✓ Plans generated: 1000/1000 (100.0%)
✓ Plans verified: 1000/1000 (100.0%)

All verified plans passed the following checks:
  • All precincts assigned to districts
  • Exactly 14 districts per plan
  • Population balance within ±5% (enforced by GerryChain)
  • Contiguity maintained (enforced by GerryChain)

============================================================
✅ Step 1 complete — Baseline ensemble generated and dashboard ready.
============================================================

📂 Results saved to: /tmp

🖥️  To launch dashboard, run:
   streamlit run scripts/baseline_dashboard.py

PLAN_COUNT=1000
END_TIME=2026-07-19T18:07:54-0400
SERIAL_BENCHMARK_PASSED
