Generating plans:   0%|          | 0/1 [00:00<?, ?plan/s]Generating plans: 100%|██████████| 1/1 [00:00<00:00, 39.00plan/s]
	Command being timed: "python fra_pipeline/scripts/run_baseline_simple.py --start 1 --end 1 --output /tmp/fra_single_plan_test_kvadhawana --seed_offset 1"
	User time (seconds): 27.91
	System time (seconds): 0.84
	Percent of CPU this job got: 108%
	Elapsed (wall clock) time (h:mm:ss or m:ss): 0:26.62
	Average shared text size (kbytes): 0
	Average unshared data size (kbytes): 0
	Average stack size (kbytes): 0
	Average total size (kbytes): 0
	Maximum resident set size (kbytes): 473460
	Average resident set size (kbytes): 0
	Major (requiring I/O) page faults: 0
	Minor (reclaiming a frame) page faults: 229415
	Voluntary context switches: 1541
	Involuntary context switches: 266
	Swaps: 0
	File system inputs: 0
	File system outputs: 0
	Socket messages sent: 0
	Socket messages received: 0
	Signals delivered: 0
	Page size (bytes): 4096
	Exit status: 0
