=== JOB DETAILS ===
JOB_ID=69958
NODE=sn007
OUTPUT_DIR=/tmp/fra_single_plan_test_kvadhawana
COMMIT=c19c06ec095af774d63bb9f2904f0054f79bba77

=== RUN ONE BASELINE PLAN ===
[INFO] Generating plans 1–1 (1 plans)
[INFO] seed_offset=1  effective_seed=43
[INFO] Writing plan JSONs to: /tmp/fra_single_plan_test_kvadhawana
============================================================
📊 STEP 1: Baseline Ensemble Generation
============================================================

📂 Loading shapefile...
✅ Loaded 2658 precincts from shapefile.

🔧 Repairing invalid geometries...

🔨 Building GerryChain graph...
✅ Graph built successfully (2658 precincts).
   Total population: 10,679,260
   Democratic votes: 2,713,609
   Republican votes: 2,896,941
[TIMING] Graph build: 21.3s

⚙️  Setting up ReCom chain to generate 1 plans...
    seed=42  seed_offset=1  effective_seed=43

🎲 Creating initial partition (14 districts)...
   Ideal population per district: 762,804
   Using recursive tree partitioning...
✅ Initial partition created with 14 districts.

🚀 Generating 1 random district plans...
   (This may take 1-2 hours for 1000 plans...)

✅ Generated 1 random district plans.
   Unique plans:    1
   Duplicate plans: 0  (0.0%)
✓ All plans verified: 1/1 have correct assignments

💾 Saving results to /tmp...
   ✓ Saved summary CSV: /tmp/baseline_ensemble_1_1.csv
   ✓ Saved 1 plan assignments to /tmp/fra_single_plan_test_kvadhawana

📈 Generating histogram...
   ✓ Saved histogram: /tmp/baseline_hist_1_1.png

📊 Summary Statistics:
   Mean Democratic seat share: 0.429
   Std Dev: nan
   Min: 0.429
   Max: 0.429

✅ Election simulation complete — results saved.
[TIMING] Generation:  1.4s  | Save: 0.5s  | Total: 23.2s
   ✓ Saved chain diagnostics: /tmp/chain_diagnostics_1_1.json

============================================================
✅ VERIFICATION SUMMARY
============================================================

✓ Plans generated: 1/1 (100.0%)
✓ Plans verified: 1/1 (100.0%)

All verified plans passed the following checks:
  • All precincts assigned to districts
  • Exactly 14 districts per plan
  • Population balance within ±5% (enforced by GerryChain)
  • Contiguity maintained (enforced by GerryChain)

============================================================
✅ Step 1 complete — Baseline ensemble generated and dashboard ready.
============================================================

📂 Results saved to: /tmp

🖥️  To launch dashboard, run:
   streamlit run scripts/baseline_dashboard.py


=== GENERATED FILES ===
plan_1.json 28897 bytes

=== JSON VALIDATION ===
plan files: 1
file: /tmp/fra_single_plan_test_kvadhawana/plan_1.json
top-level type: dict
top-level size: 2658
JSON VALIDATION PASSED

=== SINGLE PLAN TEST PASSED ===
